[aanaman.me/index.html]
[backblue.gif]
[fade.gif]
[index.html]
[aanaman.me/favicon.ico]
[aanaman.me/assets/fontawesome/js/all.js]
[aanaman.me/index-2.html]
[aanaman.me/assets/images/profile.png]
[aanaman.me/resume.html]
[aanaman.me/blog.html]
[aanaman.me/assets/images/profile-lg.jpg]
[aanaman.me/assets/images/project/gtuc-radio.png]
[aanaman.me/assets/images/project/buzzn-player.png]
[aanaman.me/assets/images/project/vzonetv.png]
[aanaman.me/assets/images/project/mediaeye.png]
[aanaman.me/assets/images/blog/webdevide.png]
[aanaman.me/assets/images/blog/frameworks.png]
[aanaman.me/10-best-web-development-frameworks.html]
[aanaman.me/assets/images/blog/programming.png]
[aanaman.me/assets/plugins/jquery-3.4.1.min.js]
[aanaman.me/assets/plugins/popper.min.js]
[aanaman.me/assets/plugins/bootstrap/js/bootstrap.min.js]
[kit.fontawesome.com/003051b824.js]
[aanaman.me/assets/plugins/tiny-slider/min/tiny-slider.js]
[aanaman.me/assets/js/testimonials.js]
[aanaman.me/assets/js/demo/style-switcher.js]
[aanaman.me/assets/plugins/js-cookie.min.js]
[aanaman.me/assets/js/dark-mode.js]
[aanaman.me/index.html]
[aanaman.me/assets/plugins/tiny-slider/tiny-slider.css]
[aanaman.me/assets/css/theme-1.css]
[aanaman.me/index-2.html]
[aanaman.me/assets/pdf/Abdullah-Resume.pdf]
[aanaman.me/assets/images/resume-profile.png]
[aanaman.me/resume.html]
[cdn.aanaman.me/assets/fontawesome/js/all.js]
[aanaman.me/blog.html]
[cdn.aanaman.me/assets/images/blog/frameworks.png]
[cdn.aanaman.me/assets/plugins/jquery-3.4.1.min.js]
[cdn.aanaman.me/assets/plugins/popper.min.js]
[cdn.aanaman.me/assets/plugins/bootstrap/js/bootstrap.min.js]
[cdnjs.cloudflare.com/ajax/libs/highlight.js/9.14.2/highlight.min.js]
[cdn.aanaman.me/assets/js/blog.js]
[cdn.aanaman.me/assets/plugins/js-cookie.min.js]
[cdn.aanaman.me/assets/js/dark-mode.js]
[cdn.aanaman.me/assets/js/demo/style-switcher.js]
[aanaman.me/10-best-web-development-frameworks.html]
[cdn.aanaman.me/assets/css/theme-1.css]
[cdn.aanaman.me/assets/plugins/highlight/styles/monokai-sublime.css]
